// Jest Snapshot v1, https://goo.gl/fbAQLP

exports[`<CarViewRow /> Enzyme Static HTML <CarViewRow /> renders 1`] = `"\\"<tbody><tr><td class=\\\\\\"carTableDataCell\\\\\\">1</td><td class=\\\\\\"carTableDataCell\\\\\\">Ford</td><td class=\\\\\\"carTableDataCell\\\\\\">F-150</td><td class=\\\\\\"carTableDataCell\\\\\\">1980</td><td class=\\\\\\"carTableDataCell\\\\\\">red</td><td class=\\\\\\"carTableDataCell\\\\\\">42000</td><td class=\\\\\\"carTableDataCell\\\\\\"><button type=\\\\\\"button\\\\\\">Edit</button><button type=\\\\\\"button\\\\\\">Delete</button></td></tr></tbody>\\""`;
